******************************************************************************
                  TI ARM Linker Unix v15.12.1                  
******************************************************************************
>> Linked Mon Jun  6 23:21:34 2016

OUTPUT FILE NAME:   <Open_VNA.out>
ENTRY POINT SYMBOL: "_c_int00"  address: 000035cd


MEMORY CONFIGURATION

         name            origin    length      used     unused   attr    fill
----------------------  --------  ---------  --------  --------  ----  --------
  MAIN                  00000000   00040000  000038ea  0003c716  R  X
  INFO                  00200000   00004000  00000000  00004000  R  X
  SRAM_CODE             01000000   00010000  00000390  0000fc70  RW X
  SRAM_DATA             20000000   00010000  00000390  0000fc70  RW  


SEGMENT ALLOCATION MAP

run origin  load origin   length   init length attrs members
----------  ----------- ---------- ----------- ----- -------
00000000    00000000    000038ec   000038ec    r-x
  00000000    00000000    00000140   00000140    r-- .intvecs
  00000140    00000140    00003616   00003616    r-x .text
  00003758    00003758    00000108   00000108    r-- .const
  00003860    00003860    0000008c   0000008c    r-- .cinit
20000000    20000000    00000190   00000000    rw-
  20000000    20000000    000000e4   00000000    rw- .vtable
  200000e4    200000e4    00000058   00000000    rw- .bss
  2000013c    2000013c    00000054   00000000    rw- .data
2000fe00    2000fe00    00000200   00000000    rw-
  2000fe00    2000fe00    00000200   00000000    rw- .stack


SECTION ALLOCATION MAP

 output                                  attributes/
section   page    origin      length       input sections
--------  ----  ----------  ----------   ----------------
.intvecs   0    00000000    00000140     
                  00000000    00000140     startup_msp432p401r_ccs.obj (.intvecs:retain)

.text      0    00000140    00003616     
                  00000140    00000d7c     cs.obj (.text)
                  00000ebc    00000838     pcm.obj (.text)
                  000016f4    00000508     rtc_c.obj (.text)
                  00001bfc    00000480     gpio.obj (.text)
                  0000207c    0000041c     uart.obj (.text)
                  00002498    000003f0     interrupt.obj (.text)
                  00002888    00000328     system_msp432p401r.obj (.text)
                  00002bb0    00000244     printf.obj (.text)
                  00002df4    00000244     sysctl.obj (.text)
                  00003038    000001dc     main.obj (.text)
                  00003214    000000ec     UART_module.obj (.text)
                  00003300    000000d8     wdt_a.obj (.text)
                  000033d8    0000009c     rtsv7M4_T_le_v4SPD16_eabi.lib : memcpy_t2.obj (.text)
                  00003474    0000007a                                   : memset_t2.obj (.text)
                  000034ee    00000002                                   : mpu_init.obj (.text)
                  000034f0    00000070                                   : autoinit.obj (.text)
                  00003560    0000006a                                   : copy_decompress_rle.obj (.text)
                  000035ca    00000002                                   : startup.obj (.text)
                  000035cc    00000054                                   : boot.obj (.text)
                  00003620    00000054                                   : exit.obj (.text)
                  00003674    0000004c                                   : cpy_tbl.obj (.text)
                  000036c0    0000003e     cpu.obj (.text)
                  000036fe    00000002     --HOLE-- [fill = 0]
                  00003700    00000018     rtsv7M4_T_le_v4SPD16_eabi.lib : args_main.obj (.text)
                  00003718    00000014                                   : _lock.obj (.text)
                  0000372c    00000012     startup_msp432p401r_ccs.obj (.text)
                  0000373e    0000000e     rtsv7M4_T_le_v4SPD16_eabi.lib : copy_decompress_none.obj (.text:decompress:none)
                  0000374c    00000006                                   : copy_decompress_rle.obj (.text:decompress:rle24)
                  00003752    00000004                                   : pre_init.obj (.text)

.const     0    00003758    00000108     
                  00003758    00000050     interrupt.obj (.const:g_pulRegs)
                  000037a8    00000028     printf.obj (.const:dv)
                  000037d0    00000024     UART_module.obj (.const:uartConfig)
                  000037f4    00000020     interrupt.obj (.const:g_pulPriority)
                  00003814    0000001c     gpio.obj (.const:GPIO_PORT_TO_INT)
                  00003830    00000010     printf.obj (.const:.string:hex$1)
                  00003840    00000008     interrupt.obj (.const:g_pulDisRegs)
                  00003848    00000008     interrupt.obj (.const:g_pulEnRegs)
                  00003850    00000008     interrupt.obj (.const:g_pulPendRegs)
                  00003858    00000008     interrupt.obj (.const:g_pulUnpendRegs)

.cinit     0    00003860    0000008c     
                  00003860    0000004e     (.cinit..data.load) [load image, compression = rle]
                  000038ae    00000002     --HOLE-- [fill = 0]
                  000038b0    00000009     (.cinit..bss.load) [load image, compression = rle]
                  000038b9    00000007     --HOLE-- [fill = 0]
                  000038c0    00000009     (.cinit..vtable.load) [load image, compression = rle]
                  000038c9    00000003     --HOLE-- [fill = 0]
                  000038cc    00000008     (__TI_handler_table)
                  000038d4    00000018     (__TI_cinit_table)

.init_array 
*          0    00000000    00000000     UNINITIALIZED

.binit     0    00000000    00000000     

.vtable    0    20000000    000000e4     UNINITIALIZED
                  20000000    000000e4     interrupt.obj (.vtable)

.bss       0    200000e4    00000058     UNINITIALIZED
                  200000e4    00000050     (.common:uartRXData)
                  20000134    00000008     cs.obj (.bss)

.data      0    2000013c    00000054     UNINITIALIZED
                  2000013c    00000030     gpio.obj (.data:GPIO_PORT_TO_BASE)
                  2000016c    0000000c     rtsv7M4_T_le_v4SPD16_eabi.lib : exit.obj (.data:$O1$$)
                  20000178    00000008                                   : _lock.obj (.data:$O1$$)
                  20000180    00000008     UART_module.obj (.data)
                  20000188    00000004     rtsv7M4_T_le_v4SPD16_eabi.lib : stkdepth_vars.obj (.data)
                  2000018c    00000004     system_msp432p401r.obj (.data)

.stack     0    2000fe00    00000200     UNINITIALIZED
                  2000fe00    00000200     --HOLE--

MODULE SUMMARY

       Module                        code    ro data   rw data
       ------                        ----    -------   -------
    ./
       system_msp432p401r.obj        808     0         8      
       printf.obj                    580     56        0      
       main.obj                      476     0         0      
       startup_msp432p401r_ccs.obj   18      320       0      
    +--+-----------------------------+-------+---------+---------+
       Total:                        1882    376       8      
                                                              
    ./Communication_Modules/
       UART_module.obj               236     36        176    
    +--+-----------------------------+-------+---------+---------+
       Total:                        236     36        176    
                                                              
    ./driverlib/MSP432P4xx/
       cs.obj                        3452    0         16     
       pcm.obj                       2104    0         0      
       interrupt.obj                 1008    144       456    
       rtc_c.obj                     1288    0         0      
       gpio.obj                      1152    28        96     
       uart.obj                      1052    0         0      
       sysctl.obj                    580     0         0      
       wdt_a.obj                     216     0         0      
       cpu.obj                       62      0         0      
    +--+-----------------------------+-------+---------+---------+
       Total:                        10914   172       568    
                                                              
    /Applications/ti/ccsv6/tools/compiler/ti-cgt-arm_15.12.1.LTS/lib/rtsv7M4_T_le_v4SPD16_eabi.lib
       memcpy_t2.obj                 156     0         0      
       memset_t2.obj                 122     0         0      
       autoinit.obj                  112     0         0      
       copy_decompress_rle.obj       112     0         0      
       exit.obj                      84      0         24     
       boot.obj                      84      0         0      
       cpy_tbl.obj                   76      0         0      
       _lock.obj                     20      0         16     
       args_main.obj                 24      0         0      
       copy_decompress_none.obj      14      0         0      
       stkdepth_vars.obj             0       0         8      
       pre_init.obj                  4       0         0      
       mpu_init.obj                  2       0         0      
       startup.obj                   2       0         0      
    +--+-----------------------------+-------+---------+---------+
       Total:                        812     0         48     
                                                              
       Stack:                        0       0         1024   
       Linker Generated:             0       128       0      
    +--+-----------------------------+-------+---------+---------+
       Grand Total:                  13844   712       1824   


LINKER GENERATED COPY TABLES

__TI_cinit_table @ 000038d4 records: 3, size/record: 8, table size: 24
	.data: load addr=00003860, load size=0000004e bytes, run addr=2000013c, run size=00000054 bytes, compression=rle
	.bss: load addr=000038b0, load size=00000009 bytes, run addr=200000e4, run size=00000058 bytes, compression=rle
	.vtable: load addr=000038c0, load size=00000009 bytes, run addr=20000000, run size=000000e4 bytes, compression=rle


LINKER GENERATED HANDLER TABLE

__TI_handler_table @ 000038cc records: 2, size/record: 4, table size: 8
	index: 0, handler: __TI_decompress_rle24
	index: 1, handler: __TI_decompress_none


GLOBAL SYMBOLS: SORTED ALPHABETICALLY BY Name 

address   name                                       
-------   ----                                       
00003621  C$$EXIT                                    
000036f5  CPU_basepriGet                             
000036e7  CPU_basepriSet                             
000036c1  CPU_cpsid                                  
000036d7  CPU_cpsie                                  
000036cd  CPU_primask                                
000036e3  CPU_wfi                                    
00000e41  CS_clearInterruptFlag                      
000006e9  CS_disableClockRequest                     
000007cf  CS_disableDCOExternalResistor              
00000d15  CS_disableFaultCounter                     
00000dff  CS_disableInterrupt                        
000006c1  CS_enableClockRequest                      
00000731  CS_enableDCOExternalResistor               
00000ce9  CS_enableFaultCounter                      
00000ddd  CS_enableInterrupt                         
00000c81  CS_getACLK                                 
00000c41  CS_getBCLK                                 
000008c9  CS_getDCOFrequency                         
00000e27  CS_getEnabledInterruptStatus               
00000c5d  CS_getHSMCLK                               
00000e21  CS_getInterruptStatus                      
00000cc7  CS_getMCLK                                 
00000ca5  CS_getSMCLK                                
000003e1  CS_initClockSignal                         
00000e63  CS_registerInterrupt                       
00000d41  CS_resetFaultCounter                       
000007ed  CS_setDCOCenteredFrequency                 
00000759  CS_setDCOExternalResistorCalibration       
00000a69  CS_setDCOFrequency                         
000003a5  CS_setExternalClockSourceFrequency         
0000070b  CS_setReferenceOscillatorFrequency         
00000d8d  CS_startFaultCounter                       
000004e5  CS_startHFXT                               
00000509  CS_startHFXTWithTimeout                    
000005cd  CS_startLFXT                               
000005f1  CS_startLFXTWithTimeout                    
00000825  CS_tuneDCOFrequency                        
00000e77  CS_unregisterInterrupt                     
00003215  EusciA0_ISR                                
00001f1f  GPIO_clearInterruptFlag                    
00001edf  GPIO_disableInterrupt                      
00001ebd  GPIO_enableInterrupt                       
00001f77  GPIO_getEnabledInterruptStatus             
00001e8f  GPIO_getInputPinValue                      
00001f01  GPIO_getInterruptStatus                    
00001f41  GPIO_interruptEdgeSelect                   
00002037  GPIO_registerInterrupt                     
00001c37  GPIO_setAsInputPin                         
00001deb  GPIO_setAsInputPinWithPullDownResistor     
00001e3d  GPIO_setAsInputPinWithPullUpResistor       
00001bfd  GPIO_setAsOutputPin                        
00001d01  GPIO_setAsPeripheralModuleFunctionInputPin 
00001c7d  GPIO_setAsPeripheralModuleFunctionOutputPin
00001ff3  GPIO_setDriveStrengthHigh                  
00002015  GPIO_setDriveStrengthLow                   
00001d85  GPIO_setOutputHighOnPin                    
00001da7  GPIO_setOutputLowOnPin                     
00001dc9  GPIO_toggleOutputOnPin                     
00002057  GPIO_unregisterInterrupt                   
0000265b  Interrupt_disableInterrupt                 
000024ab  Interrupt_disableMaster                    
00002859  Interrupt_disableSleepOnIsrExit            
000025e9  Interrupt_enableInterrupt                  
0000249b  Interrupt_enableMaster                     
00002847  Interrupt_enableSleepOnIsrExit             
000025c3  Interrupt_getPriority                      
0000253b  Interrupt_getPriorityGrouping              
00002827  Interrupt_getPriorityMask                  
00002841  Interrupt_getVectorTableAddress            
000026cd  Interrupt_isEnabled                        
00002759  Interrupt_pendInterrupt                    
000024bb  Interrupt_registerInterrupt                
00002573  Interrupt_setPriority                      
00002521  Interrupt_setPriorityGrouping              
00002817  Interrupt_setPriorityMask                  
00002831  Interrupt_setVectorTableAddress            
000027c9  Interrupt_unpendInterrupt                  
0000250d  Interrupt_unregisterInterrupt              
00001697  PCM_clearInterruptFlag                     
0000166d  PCM_disableInterrupt                       
00001645  PCM_disableRudeMode                        
00001659  PCM_enableInterrupt                        
00001633  PCM_enableRudeMode                         
0000103f  PCM_getCoreVoltageLevel                    
00001687  PCM_getEnabledInterruptStatus              
00001681  PCM_getInterruptStatus                     
00000fe5  PCM_getPowerMode                           
00001627  PCM_getPowerState                          
00001559  PCM_gotoLPM0                               
00001577  PCM_gotoLPM0InterruptSafe                  
00001593  PCM_gotoLPM3                               
0000160b  PCM_gotoLPM3InterruptSafe                  
0000152d  PCM_gotoLPM4                               
0000153d  PCM_gotoLPM4InterruptSafe                  
000016ab  PCM_registerInterrupt                      
00000fb3  PCM_setCoreVoltageLevel                    
00000fd5  PCM_setCoreVoltageLevelNonBlocking         
00000fc3  PCM_setCoreVoltageLevelWithTimeout         
000011e5  PCM_setPowerMode                           
000011f5  PCM_setPowerModeNonBlocking                
00001205  PCM_setPowerModeWithTimeout                
000014b7  PCM_setPowerState                          
000014d9  PCM_setPowerStateNonBlocking               
000014c7  PCM_setPowerStateWithTimeout               
000014e9  PCM_shutdownDevice                         
000016bf  PCM_unregisterInterrupt                    
00001b51  RTC_C_clearInterruptFlag                   
0000199b  RTC_C_convertBCDToBinary                   
000019b3  RTC_C_convertBinaryToBCD                   
000018f7  RTC_C_definePrescaleEvent                  
00001a21  RTC_C_disableInterrupt                     
000019cb  RTC_C_enableInterrupt                      
00001829  RTC_C_getCalendarTime                      
00001af1  RTC_C_getEnabledInterruptStatus            
00001a89  RTC_C_getInterruptStatus                   
0000191f  RTC_C_getPrescaleValue                     
00001713  RTC_C_holdClock                            
000017b7  RTC_C_initCalendar                         
00001b97  RTC_C_registerInterrupt                    
0000188f  RTC_C_setCalendarAlarm                     
000018c7  RTC_C_setCalendarEvent                     
00001761  RTC_C_setCalibrationData                   
00001731  RTC_C_setCalibrationFrequency              
0000194b  RTC_C_setPrescaleValue                     
0000178d  RTC_C_setTemperatureCompensation           
000016f5  RTC_C_startClock                           
00001bb5  RTC_C_unregisterInterrupt                  
UNDEFED   SHT$$INIT_ARRAY$$Base                      
UNDEFED   SHT$$INIT_ARRAY$$Limit                     
00002fe7  SysCtl_disableGlitchFilter                 
00002e77  SysCtl_disableNMISource                    
00002f7f  SysCtl_disablePeripheralAtCPUHalt          
00002ec1  SysCtl_disableSRAMBank                     
00002f45  SysCtl_disableSRAMBankRetention            
00002fdb  SysCtl_enableGlitchFilter                  
00002e8b  SysCtl_enableNMISource                     
00002f6b  SysCtl_enablePeripheralAtCPUHalt           
00002ea5  SysCtl_enableSRAMBank                      
00002f29  SysCtl_enableSRAMBankRetention             
00002e71  SysCtl_getFlashSize                        
00002e9f  SysCtl_getNMISourceStatus                  
00002e6b  SysCtl_getSRAMSize                         
00002df5  SysCtl_getTLVInfo                          
00002ff3  SysCtl_getTempCalibrationConstant          
00002f61  SysCtl_rebootDevice                        
00002fb7  SysCtl_setWDTPasswordViolationResetType    
00002f93  SysCtl_setWDTTimeoutResetType              
2000018c  SystemCoreClock                            
00002889  SystemCoreClockUpdate                      
00002afd  SystemInit                                 
00002391  UART_clearInterruptFlag                    
000022e9  UART_disableInterrupt                      
000021cb  UART_disableModule                         
000022b9  UART_enableInterrupt                       
000021b5  UART_enableModule                          
00002335  UART_getEnabledInterruptStatus             
00002319  UART_getInterruptStatus                    
00002281  UART_getReceiveBufferAddressForDMA         
0000228f  UART_getTransmitBufferAddressForDMA        
0000207d  UART_initModule                            
000021e1  UART_queryStatusFlags                      
0000218f  UART_receiveData                           
000023b1  UART_registerInterrupt                     
00002209  UART_resetDormant                          
0000229d  UART_selectDeglitchTime                    
000021f5  UART_setDormant                            
0000221d  UART_transmitAddress                       
0000223b  UART_transmitBreak                         
00002165  UART_transmitData                          
0000242d  UART_unregisterInterrupt                   
4000480c  WDTCTL_SYM                                 
00003341  WDT_A_clearTimer                           
00003301  WDT_A_holdTimer                            
0000337d  WDT_A_initIntervalTimer                    
00003361  WDT_A_initWatchdogTimer                    
000033b1  WDT_A_registerInterrupt                    
00003399  WDT_A_setPasswordViolationReset            
000033a5  WDT_A_setTimeoutReset                      
00003321  WDT_A_startTimer                           
000033c5  WDT_A_unregisterInterrupt                  
20010000  __STACK_END                                
00000200  __STACK_SIZE                               
000038d4  __TI_CINIT_Base                            
000038ec  __TI_CINIT_Limit                           
000038cc  __TI_Handler_Table_Base                    
000038d4  __TI_Handler_Table_Limit                   
000034f1  __TI_auto_init                             
2000016c  __TI_cleanup_ptr                           
0000373f  __TI_decompress_none                       
0000374d  __TI_decompress_rle24                      
20000170  __TI_dtors_ptr                             
20000174  __TI_enable_exit_profile_output            
ffffffff  __TI_pprof_out_hndl                        
ffffffff  __TI_prof_data_size                        
ffffffff  __TI_prof_data_start                       
00000000  __TI_static_base__                         
00003475  __aeabi_memclr                             
00003475  __aeabi_memclr4                            
00003475  __aeabi_memclr8                            
000033d9  __aeabi_memcpy                             
000033d9  __aeabi_memcpy4                            
000033d9  __aeabi_memcpy8                            
00003477  __aeabi_memset                             
00003477  __aeabi_memset4                            
00003477  __aeabi_memset8                            
ffffffff  __binit__                                  
ffffffff  __c_args__                                 
000034ef  __mpu_init                                 
2000fe00  __stack                                    
00003701  _args_main                                 
000035cd  _c_int00                                   
20000178  _lock                                      
00003727  _nop                                       
0000371f  _register_lock                             
00003719  _register_unlock                           
000035cb  _system_post_cinit                         
00003753  _system_pre_init                           
2000017c  _unlock                                    
00003625  abort                                      
ffffffff  binit                                      
00003675  copy_in                                    
0000362d  exit                                       
20000000  g_pfnRAMVectors                            
000032a3  initializeBackChannelUART                  
0000326d  initializeClocks                           
00000000  interruptVectors                           
00003039  main                                       
20000188  main_func_sp                               
000033d9  memcpy                                     
0000347d  memset                                     
00002c7b  printf                                     
00002be3  putc                                       
00002bc3  puts                                       
00002bb1  sendByte                                   
000037d0  uartConfig                                 
20000180  uartEndOfLineFlag                          
200000e4  uartRXData                                 


GLOBAL SYMBOLS: SORTED BY Symbol Address 

address   name                                       
-------   ----                                       
00000000  __TI_static_base__                         
00000000  interruptVectors                           
00000200  __STACK_SIZE                               
000003a5  CS_setExternalClockSourceFrequency         
000003e1  CS_initClockSignal                         
000004e5  CS_startHFXT                               
00000509  CS_startHFXTWithTimeout                    
000005cd  CS_startLFXT                               
000005f1  CS_startLFXTWithTimeout                    
000006c1  CS_enableClockRequest                      
000006e9  CS_disableClockRequest                     
0000070b  CS_setReferenceOscillatorFrequency         
00000731  CS_enableDCOExternalResistor               
00000759  CS_setDCOExternalResistorCalibration       
000007cf  CS_disableDCOExternalResistor              
000007ed  CS_setDCOCenteredFrequency                 
00000825  CS_tuneDCOFrequency                        
000008c9  CS_getDCOFrequency                         
00000a69  CS_setDCOFrequency                         
00000c41  CS_getBCLK                                 
00000c5d  CS_getHSMCLK                               
00000c81  CS_getACLK                                 
00000ca5  CS_getSMCLK                                
00000cc7  CS_getMCLK                                 
00000ce9  CS_enableFaultCounter                      
00000d15  CS_disableFaultCounter                     
00000d41  CS_resetFaultCounter                       
00000d8d  CS_startFaultCounter                       
00000ddd  CS_enableInterrupt                         
00000dff  CS_disableInterrupt                        
00000e21  CS_getInterruptStatus                      
00000e27  CS_getEnabledInterruptStatus               
00000e41  CS_clearInterruptFlag                      
00000e63  CS_registerInterrupt                       
00000e77  CS_unregisterInterrupt                     
00000fb3  PCM_setCoreVoltageLevel                    
00000fc3  PCM_setCoreVoltageLevelWithTimeout         
00000fd5  PCM_setCoreVoltageLevelNonBlocking         
00000fe5  PCM_getPowerMode                           
0000103f  PCM_getCoreVoltageLevel                    
000011e5  PCM_setPowerMode                           
000011f5  PCM_setPowerModeNonBlocking                
00001205  PCM_setPowerModeWithTimeout                
000014b7  PCM_setPowerState                          
000014c7  PCM_setPowerStateWithTimeout               
000014d9  PCM_setPowerStateNonBlocking               
000014e9  PCM_shutdownDevice                         
0000152d  PCM_gotoLPM4                               
0000153d  PCM_gotoLPM4InterruptSafe                  
00001559  PCM_gotoLPM0                               
00001577  PCM_gotoLPM0InterruptSafe                  
00001593  PCM_gotoLPM3                               
0000160b  PCM_gotoLPM3InterruptSafe                  
00001627  PCM_getPowerState                          
00001633  PCM_enableRudeMode                         
00001645  PCM_disableRudeMode                        
00001659  PCM_enableInterrupt                        
0000166d  PCM_disableInterrupt                       
00001681  PCM_getInterruptStatus                     
00001687  PCM_getEnabledInterruptStatus              
00001697  PCM_clearInterruptFlag                     
000016ab  PCM_registerInterrupt                      
000016bf  PCM_unregisterInterrupt                    
000016f5  RTC_C_startClock                           
00001713  RTC_C_holdClock                            
00001731  RTC_C_setCalibrationFrequency              
00001761  RTC_C_setCalibrationData                   
0000178d  RTC_C_setTemperatureCompensation           
000017b7  RTC_C_initCalendar                         
00001829  RTC_C_getCalendarTime                      
0000188f  RTC_C_setCalendarAlarm                     
000018c7  RTC_C_setCalendarEvent                     
000018f7  RTC_C_definePrescaleEvent                  
0000191f  RTC_C_getPrescaleValue                     
0000194b  RTC_C_setPrescaleValue                     
0000199b  RTC_C_convertBCDToBinary                   
000019b3  RTC_C_convertBinaryToBCD                   
000019cb  RTC_C_enableInterrupt                      
00001a21  RTC_C_disableInterrupt                     
00001a89  RTC_C_getInterruptStatus                   
00001af1  RTC_C_getEnabledInterruptStatus            
00001b51  RTC_C_clearInterruptFlag                   
00001b97  RTC_C_registerInterrupt                    
00001bb5  RTC_C_unregisterInterrupt                  
00001bfd  GPIO_setAsOutputPin                        
00001c37  GPIO_setAsInputPin                         
00001c7d  GPIO_setAsPeripheralModuleFunctionOutputPin
00001d01  GPIO_setAsPeripheralModuleFunctionInputPin 
00001d85  GPIO_setOutputHighOnPin                    
00001da7  GPIO_setOutputLowOnPin                     
00001dc9  GPIO_toggleOutputOnPin                     
00001deb  GPIO_setAsInputPinWithPullDownResistor     
00001e3d  GPIO_setAsInputPinWithPullUpResistor       
00001e8f  GPIO_getInputPinValue                      
00001ebd  GPIO_enableInterrupt                       
00001edf  GPIO_disableInterrupt                      
00001f01  GPIO_getInterruptStatus                    
00001f1f  GPIO_clearInterruptFlag                    
00001f41  GPIO_interruptEdgeSelect                   
00001f77  GPIO_getEnabledInterruptStatus             
00001ff3  GPIO_setDriveStrengthHigh                  
00002015  GPIO_setDriveStrengthLow                   
00002037  GPIO_registerInterrupt                     
00002057  GPIO_unregisterInterrupt                   
0000207d  UART_initModule                            
00002165  UART_transmitData                          
0000218f  UART_receiveData                           
000021b5  UART_enableModule                          
000021cb  UART_disableModule                         
000021e1  UART_queryStatusFlags                      
000021f5  UART_setDormant                            
00002209  UART_resetDormant                          
0000221d  UART_transmitAddress                       
0000223b  UART_transmitBreak                         
00002281  UART_getReceiveBufferAddressForDMA         
0000228f  UART_getTransmitBufferAddressForDMA        
0000229d  UART_selectDeglitchTime                    
000022b9  UART_enableInterrupt                       
000022e9  UART_disableInterrupt                      
00002319  UART_getInterruptStatus                    
00002335  UART_getEnabledInterruptStatus             
00002391  UART_clearInterruptFlag                    
000023b1  UART_registerInterrupt                     
0000242d  UART_unregisterInterrupt                   
0000249b  Interrupt_enableMaster                     
000024ab  Interrupt_disableMaster                    
000024bb  Interrupt_registerInterrupt                
0000250d  Interrupt_unregisterInterrupt              
00002521  Interrupt_setPriorityGrouping              
0000253b  Interrupt_getPriorityGrouping              
00002573  Interrupt_setPriority                      
000025c3  Interrupt_getPriority                      
000025e9  Interrupt_enableInterrupt                  
0000265b  Interrupt_disableInterrupt                 
000026cd  Interrupt_isEnabled                        
00002759  Interrupt_pendInterrupt                    
000027c9  Interrupt_unpendInterrupt                  
00002817  Interrupt_setPriorityMask                  
00002827  Interrupt_getPriorityMask                  
00002831  Interrupt_setVectorTableAddress            
00002841  Interrupt_getVectorTableAddress            
00002847  Interrupt_enableSleepOnIsrExit             
00002859  Interrupt_disableSleepOnIsrExit            
00002889  SystemCoreClockUpdate                      
00002afd  SystemInit                                 
00002bb1  sendByte                                   
00002bc3  puts                                       
00002be3  putc                                       
00002c7b  printf                                     
00002df5  SysCtl_getTLVInfo                          
00002e6b  SysCtl_getSRAMSize                         
00002e71  SysCtl_getFlashSize                        
00002e77  SysCtl_disableNMISource                    
00002e8b  SysCtl_enableNMISource                     
00002e9f  SysCtl_getNMISourceStatus                  
00002ea5  SysCtl_enableSRAMBank                      
00002ec1  SysCtl_disableSRAMBank                     
00002f29  SysCtl_enableSRAMBankRetention             
00002f45  SysCtl_disableSRAMBankRetention            
00002f61  SysCtl_rebootDevice                        
00002f6b  SysCtl_enablePeripheralAtCPUHalt           
00002f7f  SysCtl_disablePeripheralAtCPUHalt          
00002f93  SysCtl_setWDTTimeoutResetType              
00002fb7  SysCtl_setWDTPasswordViolationResetType    
00002fdb  SysCtl_enableGlitchFilter                  
00002fe7  SysCtl_disableGlitchFilter                 
00002ff3  SysCtl_getTempCalibrationConstant          
00003039  main                                       
00003215  EusciA0_ISR                                
0000326d  initializeClocks                           
000032a3  initializeBackChannelUART                  
00003301  WDT_A_holdTimer                            
00003321  WDT_A_startTimer                           
00003341  WDT_A_clearTimer                           
00003361  WDT_A_initWatchdogTimer                    
0000337d  WDT_A_initIntervalTimer                    
00003399  WDT_A_setPasswordViolationReset            
000033a5  WDT_A_setTimeoutReset                      
000033b1  WDT_A_registerInterrupt                    
000033c5  WDT_A_unregisterInterrupt                  
000033d9  __aeabi_memcpy                             
000033d9  __aeabi_memcpy4                            
000033d9  __aeabi_memcpy8                            
000033d9  memcpy                                     
00003475  __aeabi_memclr                             
00003475  __aeabi_memclr4                            
00003475  __aeabi_memclr8                            
00003477  __aeabi_memset                             
00003477  __aeabi_memset4                            
00003477  __aeabi_memset8                            
0000347d  memset                                     
000034ef  __mpu_init                                 
000034f1  __TI_auto_init                             
000035cb  _system_post_cinit                         
000035cd  _c_int00                                   
00003621  C$$EXIT                                    
00003625  abort                                      
0000362d  exit                                       
00003675  copy_in                                    
000036c1  CPU_cpsid                                  
000036cd  CPU_primask                                
000036d7  CPU_cpsie                                  
000036e3  CPU_wfi                                    
000036e7  CPU_basepriSet                             
000036f5  CPU_basepriGet                             
00003701  _args_main                                 
00003719  _register_unlock                           
0000371f  _register_lock                             
00003727  _nop                                       
0000373f  __TI_decompress_none                       
0000374d  __TI_decompress_rle24                      
00003753  _system_pre_init                           
000037d0  uartConfig                                 
000038cc  __TI_Handler_Table_Base                    
000038d4  __TI_CINIT_Base                            
000038d4  __TI_Handler_Table_Limit                   
000038ec  __TI_CINIT_Limit                           
20000000  g_pfnRAMVectors                            
200000e4  uartRXData                                 
2000016c  __TI_cleanup_ptr                           
20000170  __TI_dtors_ptr                             
20000174  __TI_enable_exit_profile_output            
20000178  _lock                                      
2000017c  _unlock                                    
20000180  uartEndOfLineFlag                          
20000188  main_func_sp                               
2000018c  SystemCoreClock                            
2000fe00  __stack                                    
20010000  __STACK_END                                
4000480c  WDTCTL_SYM                                 
ffffffff  __TI_pprof_out_hndl                        
ffffffff  __TI_prof_data_size                        
ffffffff  __TI_prof_data_start                       
ffffffff  __binit__                                  
ffffffff  __c_args__                                 
ffffffff  binit                                      
UNDEFED   SHT$$INIT_ARRAY$$Base                      
UNDEFED   SHT$$INIT_ARRAY$$Limit                     

[238 symbols]
