******************************************************************************
                  TI ARM Linker Unix v15.12.1                  
******************************************************************************
>> Linked Sat Jun  4 00:14:31 2016

OUTPUT FILE NAME:   <Open_VNA.out>
ENTRY POINT SYMBOL: "_c_int00"  address: 000010ad


MEMORY CONFIGURATION

         name            origin    length      used     unused   attr    fill
----------------------  --------  ---------  --------  --------  ----  --------
  MAIN                  00000000   00040000  00001386  0003ec7a  R  X
  INFO                  00200000   00004000  00000000  00004000  R  X
  SRAM_CODE             01000000   00010000  00000351  0000fcaf  RW X
  SRAM_DATA             20000000   00010000  00000351  0000fcaf  RW  


SEGMENT ALLOCATION MAP

run origin  load origin   length   init length attrs members
----------  ----------- ---------- ----------- ----- -------
00000000    00000000    00001388   00001388    r-x
  00000000    00000000    00000140   00000140    r-- .intvecs
  00000140    00000140    0000112e   0000112e    r-x .text
  00001270    00001270    000000c8   000000c8    r-- .const
  00001338    00001338    00000050   00000050    r-- .cinit
20000000    20000000    00000151   00000000    rw-
  20000000    20000000    000000e4   00000000    rw- .vtable
  200000e4    200000e4    0000006c   00000000    rw- .data
  20000150    20000150    00000001   00000000    rw- .bss
2000fe00    2000fe00    00000200   00000000    rw-
  2000fe00    2000fe00    00000200   00000000    rw- .stack


SECTION ALLOCATION MAP

 output                                  attributes/
section   page    origin      length       input sections
--------  ----  ----------  ----------   ----------------
.intvecs   0    00000000    00000140     
                  00000000    00000140     startup_msp432p401r_ccs.obj (.intvecs:retain)

.text      0    00000140    0000112e     
                  00000140    0000041c     uart.obj (.text)
                  0000055c    000003f0     interrupt.obj (.text)
                  0000094c    00000328     system_msp432p401r.obj (.text)
                  00000c74    00000244     printf.obj (.text)
                  00000eb8    0000009c     rtsv7M4_T_le_v4SPD16_eabi.lib : memcpy_t2.obj (.text)
                  00000f54    0000007a                                   : memset_t2.obj (.text)
                  00000fce    00000002                                   : mpu_init.obj (.text)
                  00000fd0    00000070                                   : autoinit.obj (.text)
                  00001040    0000006a                                   : copy_decompress_rle.obj (.text)
                  000010aa    00000002                                   : startup.obj (.text)
                  000010ac    00000054                                   : boot.obj (.text)
                  00001100    00000054                                   : exit.obj (.text)
                  00001154    0000004c                                   : cpy_tbl.obj (.text)
                  000011a0    0000003e     cpu.obj (.text)
                  000011de    00000002     --HOLE-- [fill = 0]
                  000011e0    00000038     main.obj (.text)
                  00001218    00000018     rtsv7M4_T_le_v4SPD16_eabi.lib : args_main.obj (.text)
                  00001230    00000014                                   : _lock.obj (.text)
                  00001244    00000012     startup_msp432p401r_ccs.obj (.text)
                  00001256    0000000e     rtsv7M4_T_le_v4SPD16_eabi.lib : copy_decompress_none.obj (.text:decompress:none)
                  00001264    00000006                                   : copy_decompress_rle.obj (.text:decompress:rle24)
                  0000126a    00000004                                   : pre_init.obj (.text)

.const     0    00001270    000000c8     
                  00001270    00000050     interrupt.obj (.const:g_pulRegs)
                  000012c0    00000028     printf.obj (.const:dv)
                  000012e8    00000020     interrupt.obj (.const:g_pulPriority)
                  00001308    00000010     printf.obj (.const:.string:hex$1)
                  00001318    00000008     interrupt.obj (.const:g_pulDisRegs)
                  00001320    00000008     interrupt.obj (.const:g_pulEnRegs)
                  00001328    00000008     interrupt.obj (.const:g_pulPendRegs)
                  00001330    00000008     interrupt.obj (.const:g_pulUnpendRegs)

.cinit     0    00001338    00000050     
                  00001338    00000014     (.cinit..data.load) [load image, compression = rle]
                  0000134c    00000004     --HOLE-- [fill = 0]
                  00001350    00000009     (.cinit..vtable.load) [load image, compression = rle]
                  00001359    00000003     --HOLE-- [fill = 0]
                  0000135c    00000008     (__TI_handler_table)
                  00001364    00000004     --HOLE-- [fill = 0]
                  00001368    00000007     (.cinit..bss.load) [load image, compression = rle]
                  0000136f    00000001     --HOLE-- [fill = 0]
                  00001370    00000018     (__TI_cinit_table)

.init_array 
*          0    00000000    00000000     UNINITIALIZED

.binit     0    00000000    00000000     

.vtable    0    20000000    000000e4     UNINITIALIZED
                  20000000    000000e4     interrupt.obj (.vtable)

.data      0    200000e4    0000006c     UNINITIALIZED
                  200000e4    00000050     UART_module.obj (.data:uartRXData)
                  20000134    0000000c     rtsv7M4_T_le_v4SPD16_eabi.lib : exit.obj (.data:$O1$$)
                  20000140    00000008                                   : _lock.obj (.data:$O1$$)
                  20000148    00000004                                   : stkdepth_vars.obj (.data)
                  2000014c    00000004     system_msp432p401r.obj (.data)

.bss       0    20000150    00000001     UNINITIALIZED
                  20000150    00000001     (.common:uartEndOfLineFlag)

.stack     0    2000fe00    00000200     UNINITIALIZED
                  2000fe00    00000200     --HOLE--

MODULE SUMMARY

       Module                        code   ro data   rw data
       ------                        ----   -------   -------
    ./
       system_msp432p401r.obj        808    0         8      
       printf.obj                    580    56        0      
       startup_msp432p401r_ccs.obj   18     320       0      
       main.obj                      56     0         2      
    +--+-----------------------------+------+---------+---------+
       Total:                        1462   376       10     
                                                             
    ./Communication_Modules/
       UART_module.obj               0      0         160    
    +--+-----------------------------+------+---------+---------+
       Total:                        0      0         160    
                                                             
    ./driverlib/MSP432P4xx/
       interrupt.obj                 1008   144       456    
       uart.obj                      1052   0         0      
       cpu.obj                       62     0         0      
    +--+-----------------------------+------+---------+---------+
       Total:                        2122   144       456    
                                                             
    /Applications/ti/ccsv6/tools/compiler/ti-cgt-arm_15.12.1.LTS/lib/rtsv7M4_T_le_v4SPD16_eabi.lib
       memcpy_t2.obj                 156    0         0      
       memset_t2.obj                 122    0         0      
       autoinit.obj                  112    0         0      
       copy_decompress_rle.obj       112    0         0      
       exit.obj                      84     0         24     
       boot.obj                      84     0         0      
       cpy_tbl.obj                   76     0         0      
       _lock.obj                     20     0         16     
       args_main.obj                 24     0         0      
       copy_decompress_none.obj      14     0         0      
       stkdepth_vars.obj             0      0         8      
       pre_init.obj                  4      0         0      
       mpu_init.obj                  2      0         0      
       startup.obj                   2      0         0      
    +--+-----------------------------+------+---------+---------+
       Total:                        812    0         48     
                                                             
       Stack:                        0      0         1024   
       Linker Generated:             0      68        0      
    +--+-----------------------------+------+---------+---------+
       Grand Total:                  4396   588       1698   


LINKER GENERATED COPY TABLES

__TI_cinit_table @ 00001370 records: 3, size/record: 8, table size: 24
	.data: load addr=00001338, load size=00000014 bytes, run addr=200000e4, run size=0000006c bytes, compression=rle
	.vtable: load addr=00001350, load size=00000009 bytes, run addr=20000000, run size=000000e4 bytes, compression=rle
	.bss: load addr=00001368, load size=00000007 bytes, run addr=20000150, run size=00000001 bytes, compression=rle


LINKER GENERATED HANDLER TABLE

__TI_handler_table @ 0000135c records: 2, size/record: 4, table size: 8
	index: 0, handler: __TI_decompress_rle24
	index: 1, handler: __TI_decompress_none


GLOBAL SYMBOLS: SORTED ALPHABETICALLY BY Name 

address   name                               
-------   ----                               
00001101  C$$EXIT                            
000011d5  CPU_basepriGet                     
000011c7  CPU_basepriSet                     
000011a1  CPU_cpsid                          
000011b7  CPU_cpsie                          
000011ad  CPU_primask                        
000011c3  CPU_wfi                            
0000071f  Interrupt_disableInterrupt         
0000056f  Interrupt_disableMaster            
0000091d  Interrupt_disableSleepOnIsrExit    
000006ad  Interrupt_enableInterrupt          
0000055f  Interrupt_enableMaster             
0000090b  Interrupt_enableSleepOnIsrExit     
00000687  Interrupt_getPriority              
000005ff  Interrupt_getPriorityGrouping      
000008eb  Interrupt_getPriorityMask          
00000905  Interrupt_getVectorTableAddress    
00000791  Interrupt_isEnabled                
0000081d  Interrupt_pendInterrupt            
0000057f  Interrupt_registerInterrupt        
00000637  Interrupt_setPriority              
000005e5  Interrupt_setPriorityGrouping      
000008db  Interrupt_setPriorityMask          
000008f5  Interrupt_setVectorTableAddress    
0000088d  Interrupt_unpendInterrupt          
000005d1  Interrupt_unregisterInterrupt      
UNDEFED   SHT$$INIT_ARRAY$$Base              
UNDEFED   SHT$$INIT_ARRAY$$Limit             
2000014c  SystemCoreClock                    
0000094d  SystemCoreClockUpdate              
00000bc1  SystemInit                         
00000455  UART_clearInterruptFlag            
000003ad  UART_disableInterrupt              
0000028f  UART_disableModule                 
0000037d  UART_enableInterrupt               
00000279  UART_enableModule                  
000003f9  UART_getEnabledInterruptStatus     
000003dd  UART_getInterruptStatus            
00000345  UART_getReceiveBufferAddressForDMA 
00000353  UART_getTransmitBufferAddressForDMA
00000141  UART_initModule                    
000002a5  UART_queryStatusFlags              
00000253  UART_receiveData                   
00000475  UART_registerInterrupt             
000002cd  UART_resetDormant                  
00000361  UART_selectDeglitchTime            
000002b9  UART_setDormant                    
000002e1  UART_transmitAddress               
000002ff  UART_transmitBreak                 
00000229  UART_transmitData                  
000004f1  UART_unregisterInterrupt           
4000480c  WDTCTL_SYM                         
20010000  __STACK_END                        
00000200  __STACK_SIZE                       
00001370  __TI_CINIT_Base                    
00001388  __TI_CINIT_Limit                   
0000135c  __TI_Handler_Table_Base            
00001364  __TI_Handler_Table_Limit           
00000fd1  __TI_auto_init                     
20000134  __TI_cleanup_ptr                   
00001257  __TI_decompress_none               
00001265  __TI_decompress_rle24              
20000138  __TI_dtors_ptr                     
2000013c  __TI_enable_exit_profile_output    
ffffffff  __TI_pprof_out_hndl                
ffffffff  __TI_prof_data_size                
ffffffff  __TI_prof_data_start               
00000000  __TI_static_base__                 
00000f55  __aeabi_memclr                     
00000f55  __aeabi_memclr4                    
00000f55  __aeabi_memclr8                    
00000eb9  __aeabi_memcpy                     
00000eb9  __aeabi_memcpy4                    
00000eb9  __aeabi_memcpy8                    
00000f57  __aeabi_memset                     
00000f57  __aeabi_memset4                    
00000f57  __aeabi_memset8                    
ffffffff  __binit__                          
ffffffff  __c_args__                         
00000fcf  __mpu_init                         
2000fe00  __stack                            
00001219  _args_main                         
000010ad  _c_int00                           
20000140  _lock                              
0000123f  _nop                               
00001237  _register_lock                     
00001231  _register_unlock                   
000010ab  _system_post_cinit                 
0000126b  _system_pre_init                   
20000144  _unlock                            
00001105  abort                              
ffffffff  binit                              
00001155  copy_in                            
0000110d  exit                               
20000000  g_pfnRAMVectors                    
00000000  interruptVectors                   
000011e1  main                               
20000148  main_func_sp                       
00000eb9  memcpy                             
00000f5d  memset                             
00000d3f  printf                             
00000ca7  putc                               
00000c87  puts                               
00000c75  sendByte                           
20000150  uartEndOfLineFlag                  
200000e4  uartRXData                         


GLOBAL SYMBOLS: SORTED BY Symbol Address 

address   name                               
-------   ----                               
00000000  __TI_static_base__                 
00000000  interruptVectors                   
00000141  UART_initModule                    
00000200  __STACK_SIZE                       
00000229  UART_transmitData                  
00000253  UART_receiveData                   
00000279  UART_enableModule                  
0000028f  UART_disableModule                 
000002a5  UART_queryStatusFlags              
000002b9  UART_setDormant                    
000002cd  UART_resetDormant                  
000002e1  UART_transmitAddress               
000002ff  UART_transmitBreak                 
00000345  UART_getReceiveBufferAddressForDMA 
00000353  UART_getTransmitBufferAddressForDMA
00000361  UART_selectDeglitchTime            
0000037d  UART_enableInterrupt               
000003ad  UART_disableInterrupt              
000003dd  UART_getInterruptStatus            
000003f9  UART_getEnabledInterruptStatus     
00000455  UART_clearInterruptFlag            
00000475  UART_registerInterrupt             
000004f1  UART_unregisterInterrupt           
0000055f  Interrupt_enableMaster             
0000056f  Interrupt_disableMaster            
0000057f  Interrupt_registerInterrupt        
000005d1  Interrupt_unregisterInterrupt      
000005e5  Interrupt_setPriorityGrouping      
000005ff  Interrupt_getPriorityGrouping      
00000637  Interrupt_setPriority              
00000687  Interrupt_getPriority              
000006ad  Interrupt_enableInterrupt          
0000071f  Interrupt_disableInterrupt         
00000791  Interrupt_isEnabled                
0000081d  Interrupt_pendInterrupt            
0000088d  Interrupt_unpendInterrupt          
000008db  Interrupt_setPriorityMask          
000008eb  Interrupt_getPriorityMask          
000008f5  Interrupt_setVectorTableAddress    
00000905  Interrupt_getVectorTableAddress    
0000090b  Interrupt_enableSleepOnIsrExit     
0000091d  Interrupt_disableSleepOnIsrExit    
0000094d  SystemCoreClockUpdate              
00000bc1  SystemInit                         
00000c75  sendByte                           
00000c87  puts                               
00000ca7  putc                               
00000d3f  printf                             
00000eb9  __aeabi_memcpy                     
00000eb9  __aeabi_memcpy4                    
00000eb9  __aeabi_memcpy8                    
00000eb9  memcpy                             
00000f55  __aeabi_memclr                     
00000f55  __aeabi_memclr4                    
00000f55  __aeabi_memclr8                    
00000f57  __aeabi_memset                     
00000f57  __aeabi_memset4                    
00000f57  __aeabi_memset8                    
00000f5d  memset                             
00000fcf  __mpu_init                         
00000fd1  __TI_auto_init                     
000010ab  _system_post_cinit                 
000010ad  _c_int00                           
00001101  C$$EXIT                            
00001105  abort                              
0000110d  exit                               
00001155  copy_in                            
000011a1  CPU_cpsid                          
000011ad  CPU_primask                        
000011b7  CPU_cpsie                          
000011c3  CPU_wfi                            
000011c7  CPU_basepriSet                     
000011d5  CPU_basepriGet                     
000011e1  main                               
00001219  _args_main                         
00001231  _register_unlock                   
00001237  _register_lock                     
0000123f  _nop                               
00001257  __TI_decompress_none               
00001265  __TI_decompress_rle24              
0000126b  _system_pre_init                   
0000135c  __TI_Handler_Table_Base            
00001364  __TI_Handler_Table_Limit           
00001370  __TI_CINIT_Base                    
00001388  __TI_CINIT_Limit                   
20000000  g_pfnRAMVectors                    
200000e4  uartRXData                         
20000134  __TI_cleanup_ptr                   
20000138  __TI_dtors_ptr                     
2000013c  __TI_enable_exit_profile_output    
20000140  _lock                              
20000144  _unlock                            
20000148  main_func_sp                       
2000014c  SystemCoreClock                    
20000150  uartEndOfLineFlag                  
2000fe00  __stack                            
20010000  __STACK_END                        
4000480c  WDTCTL_SYM                         
ffffffff  __TI_pprof_out_hndl                
ffffffff  __TI_prof_data_size                
ffffffff  __TI_prof_data_start               
ffffffff  __binit__                          
ffffffff  __c_args__                         
ffffffff  binit                              
UNDEFED   SHT$$INIT_ARRAY$$Base              
UNDEFED   SHT$$INIT_ARRAY$$Limit             

[106 symbols]
